\BOOKMARK [2][]{Outline0.1}{Titolo sezione}{}% 1
\BOOKMARK [2][]{Outline0.2}{Altro titolo sezione}{}% 2
\BOOKMARK [3][]{Outline0.2.1.8}{Sottosezione}{Outline0.2}% 3
\BOOKMARK [3][]{Outline0.2.2.10}{Seconda sottosezione}{Outline0.2}% 4
